// Jest Snapshot v1, https://goo.gl/fbAQLP

exports[`TaskBar should match snapshot 1`] = `
<div
  class="task-bar"
>
  <div
    class="task"
  >
    <input
      class="form-control checkbox"
      type="checkbox"
    />
     
    <p
      class="text"
    >
      
      Test Task
    
    </p>
     
    <textarea
      class="text text-input"
      style="display: none;"
    />
     
    <div
      class="time"
    >
      <p
        class="created"
      >
        10:24 PM
      </p>
       
      <p
        class="completed"
      >
        10:54 PM
      </p>
    </div>
  </div>
   
  <div
    class="delete"
    style="display: none;"
  />
</div>
`;

exports[`TaskBar shouldRender 1`] = `
<div
  class="task-bar"
>
  <div
    class="task"
  >
    <input
      class="form-control checkbox"
      type="checkbox"
    />
     
    <p
      class="text"
    >
      
      Test Task
    
    </p>
     
    <textarea
      class="text text-input"
      style="display: none;"
    />
     
    <div
      class="time"
    >
      <p
        class="created"
      >
        10:24 PM
      </p>
       
      <p
        class="completed"
      >
        10:54 PM
      </p>
    </div>
  </div>
   
  <div
    class="delete"
    style="display: none;"
  />
</div>
`;
